
        <style>
            .shape0.box {
                position: fixed;
                top: 0px;
                left: -1px;
                width: 44px;
                height: 54px;
                
                border-width: 4px;
                border-style: solid;
                border-color: deeppink;
                border-radius: 4px;
            }
        </style>
        <div id="shape0" class="shape0 box"></div>