// Jest Snapshot v1, https://goo.gl/fbAQLP

exports[`Shape Box Simple test: box-simple 1`] = `"<div style="position:fixed;top:0px;left:-1px;width:48px;height:58px;border-width:4px;border-style:solid;border-color:deeppink;border-radius:4px;box-shadow:2px 2px 2px 0px rgba(0,0,0,0.13);"></div>"`;
