// Jest Snapshot v1, https://goo.gl/fbAQLP

exports[`Shape Circle Simple test: circle-simple 1`] = `"<div style="position:fixed;top:0px;left:-1px;width:40px;height:50px;border-width:4px;border-style:solid;border-color:deeppink;border-radius:20px / 25px;box-shadow:2px 2px 2px 0px rgba(0,0,0,0.13);"></div>"`;
