
      <!DOCTYPE html>
      <html lang="en">
      <head>
        <title>Overlay</title>
        <link href="../../../dist/bundled/@fontsource/open-sans/500.css" rel="stylesheet"/>
        <link href="../../../dist/bundled/bootstrap/dist/css/bootstrap.css" rel="stylesheet"/>
        <link href="../../../dist/bundled/bootstrap-icons/font/bootstrap-icons.css" rel="stylesheet"/>
        <style>
          body {
            font-family: "Open Sans", sans-serif;
            background-color: transparent;
            background-image: url('some-shapes-main.png');
            background-position: 100px 100px;
            background-repeat: no-repeat;
          }
        </style>
      </head>
      <body>
      
        <!-- shape0
            rawShape: {"at":"#firstName","icon":{}} 
            elPos: {"h":38,"w":416,"x":77,"y":305.19}    
        -->
        <style>
            .shape0.icon {
                position: absolute;
                top: 399.19px;
                left: 568px;
                width: 50px;
                height: 50px;
                transform: rotate(0deg);
            }
            .shape0.icon i.bi {
                font-size: 50px;
                line-height: 50px;
                color: deeppink;                 
            }
        </style>
        <div id="shape0" class="shape0 icon">
            <i class="bi bi-arrow-left-circle-fill"></i>
        </div>


        <style>
        .shape0.helper {
            position: absolute;
            top: 405.19px;
            left: 177px;
            width: 416px;
            height: 38px;
            border: 1px solid red;
          }
         </style>
        <div id="helper-shape0" class="shape0 helper"></div>


        <style>
        .focus.helper {
            position: absolute;
            top: 307.19px;
            left: 152px;
            width: 932.8px;
            height: 1185.58px;
            border: 1px solid red;
          }
         </style>
        <div id="helper-focus" class="focus helper"></div>
      </body>
      </html>