
        <style>
            .shape0.circle {
                position: absolute;
                top: 0px;
                left: -1px;
                width: 44px;
                height: 54px;
                
                border-width: 4px;
                border-style: solid;
                border-color: deeppink;
                border-radius: 20px / 25px;
            }
        </style>
        <div id="shape0" class="shape0 circle"></div>