
      <!DOCTYPE html>
      <html lang="en">
      <head>
        <title>Overlay</title>
        <link href="../../../src/bundled/@fontsource/open-sans/500.css" rel="stylesheet"/>
        <link href="../../../src/bundled/bootstrap/dist/css/bootstrap.css" rel="stylesheet"/>
        <link href="../../../src/bundled/bootstrap-icons/font/bootstrap-icons.css" rel="stylesheet"/>
        <style>
          body {
            font-family: "Open Sans", sans-serif;
            background-color: transparent;
            background-image: url('position-top-right-shape-main.png');
            background-position: 100px 100px;
            background-repeat: no-repeat;
          }
        </style>
      </head>
      <body>
      
        <!-- shape0
            rawShape: {"at":"#test-div","icon":{"position":"top-right","name":"emoji-smile-fill"}} 
            elPos: {"h":240,"w":320,"x":100,"y":100}    
        -->
        <style>
            .shape0.icon {
                position: absolute;
                top: 175px;
                left: 495px;
                width: 50px;
                height: 50px;
                transform: rotate(0deg);
            }
            .shape0.icon i.bi {
                font-size: 50px;
                line-height: 50px;
                color: deeppink;                 
            }
        </style>
        <div id="shape0" class="shape0 icon">
            <i class="bi bi-emoji-smile-fill"></i>
        </div>
      </body>
      </html>