/Users/paul/sm/shotbro/packages/shotbro-playwright/test-results/compare/icon/position-right-shape.html