
        <!-- shape0
            rawShape: {"icon":{}} 
            elPos: {"x":1,"y":2,"w":3,"h":4}    
        -->
        <style>
            .shape0.icon {
                position: absolute;
                top: 79px;
                left: 79px;
                width: 50px;
                height: 50px;
                transform: rotate(0deg);
            }
            .shape0.icon i.bi {
                font-size: 50px;
                line-height: 50px;
                color: deeppink;                 
            }
        </style>
        <div id="shape0" class="shape0 icon">
            <i class="bi bi-arrow-left-circle-fill"></i>
        </div>