
      <!DOCTYPE html>
      <html lang="en">
      <head>
        <title>Overlay</title>
        <link href="../../../src/bundled/@fontsource/open-sans/500.css" rel="stylesheet"/>
        <link href="../../../src/bundled/bootstrap/dist/css/bootstrap.css" rel="stylesheet"/>
        <link href="../../../src/bundled/bootstrap-icons/font/bootstrap-icons.css" rel="stylesheet"/>
        <style>
          body {
            font-family: "Open Sans", sans-serif;
            background-color: transparent;
            background-image: url('../../../src/test/checkerboard.png');
            background-position: 100px 100px;
            background-repeat: no-repeat;
          }
        </style>
      </head>
      <body>
      
        <!-- icon1
            rawShape: {"icon":{"id":"icon1","name":"1-circle-fill","position":"top-left"}} 
            elPos: {"x":150,"y":50,"w":100,"h":100}    
        -->
        <style>
            .shape0.icon {
                position: absolute;
                top: 125px;
                left: 225px;
                width: 50px;
                height: 50px;
                transform: rotate(0deg);
            }
            .shape0.icon i.bi {
                font-size: 50px;
                line-height: 50px;
                color: deeppink;                 
            }
        </style>
        <div id="icon1" class="shape0 icon">
            <i class="bi bi-1-circle-fill"></i>
        </div>


        <style>
        .shape0.helper {
            position: absolute;
            top: 150px;
            left: 250px;
            width: 100px;
            height: 100px;
            border: 1px solid red;
          }
         </style>
        <div id="helper-shape0" class="shape0 helper"></div>


        <!-- icon2
            rawShape: {"icon":{"id":"icon2","name":"1-circle-fill","position":"top"}} 
            elPos: {"x":150,"y":50,"w":100,"h":100}    
        -->
        <style>
            .shape1.icon {
                position: absolute;
                top: 125px;
                left: 275px;
                width: 50px;
                height: 50px;
                transform: rotate(0deg);
            }
            .shape1.icon i.bi {
                font-size: 50px;
                line-height: 50px;
                color: deeppink;                 
            }
        </style>
        <div id="icon2" class="shape1 icon">
            <i class="bi bi-1-circle-fill"></i>
        </div>


        <style>
        .shape1.helper {
            position: absolute;
            top: 150px;
            left: 250px;
            width: 100px;
            height: 100px;
            border: 1px solid red;
          }
         </style>
        <div id="helper-shape1" class="shape1 helper"></div>


        <!-- icon3
            rawShape: {"icon":{"id":"icon3","name":"1-circle-fill","position":"top-right"}} 
            elPos: {"x":150,"y":50,"w":100,"h":100}    
        -->
        <style>
            .shape2.icon {
                position: absolute;
                top: 125px;
                left: 325px;
                width: 50px;
                height: 50px;
                transform: rotate(0deg);
            }
            .shape2.icon i.bi {
                font-size: 50px;
                line-height: 50px;
                color: deeppink;                 
            }
        </style>
        <div id="icon3" class="shape2 icon">
            <i class="bi bi-1-circle-fill"></i>
        </div>


        <style>
        .shape2.helper {
            position: absolute;
            top: 150px;
            left: 250px;
            width: 100px;
            height: 100px;
            border: 1px solid red;
          }
         </style>
        <div id="helper-shape2" class="shape2 helper"></div>


        <!-- icon4
            rawShape: {"icon":{"id":"icon4","name":"1-circle-fill","position":"right"}} 
            elPos: {"x":150,"y":50,"w":100,"h":100}    
        -->
        <style>
            .shape3.icon {
                position: absolute;
                top: 175px;
                left: 325px;
                width: 50px;
                height: 50px;
                transform: rotate(0deg);
            }
            .shape3.icon i.bi {
                font-size: 50px;
                line-height: 50px;
                color: deeppink;                 
            }
        </style>
        <div id="icon4" class="shape3 icon">
            <i class="bi bi-1-circle-fill"></i>
        </div>


        <style>
        .shape3.helper {
            position: absolute;
            top: 150px;
            left: 250px;
            width: 100px;
            height: 100px;
            border: 1px solid red;
          }
         </style>
        <div id="helper-shape3" class="shape3 helper"></div>


        <!-- icon5
            rawShape: {"icon":{"id":"icon5","name":"1-circle-fill","position":"bottom-right"}} 
            elPos: {"x":150,"y":50,"w":100,"h":100}    
        -->
        <style>
            .shape4.icon {
                position: absolute;
                top: 225px;
                left: 325px;
                width: 50px;
                height: 50px;
                transform: rotate(0deg);
            }
            .shape4.icon i.bi {
                font-size: 50px;
                line-height: 50px;
                color: deeppink;                 
            }
        </style>
        <div id="icon5" class="shape4 icon">
            <i class="bi bi-1-circle-fill"></i>
        </div>


        <style>
        .shape4.helper {
            position: absolute;
            top: 150px;
            left: 250px;
            width: 100px;
            height: 100px;
            border: 1px solid red;
          }
         </style>
        <div id="helper-shape4" class="shape4 helper"></div>


        <!-- icon6
            rawShape: {"icon":{"id":"icon6","name":"1-circle-fill","position":"bottom"}} 
            elPos: {"x":150,"y":50,"w":100,"h":100}    
        -->
        <style>
            .shape5.icon {
                position: absolute;
                top: 225px;
                left: 275px;
                width: 50px;
                height: 50px;
                transform: rotate(0deg);
            }
            .shape5.icon i.bi {
                font-size: 50px;
                line-height: 50px;
                color: deeppink;                 
            }
        </style>
        <div id="icon6" class="shape5 icon">
            <i class="bi bi-1-circle-fill"></i>
        </div>


        <style>
        .shape5.helper {
            position: absolute;
            top: 150px;
            left: 250px;
            width: 100px;
            height: 100px;
            border: 1px solid red;
          }
         </style>
        <div id="helper-shape5" class="shape5 helper"></div>


        <!-- icon7
            rawShape: {"icon":{"id":"icon7","name":"1-circle-fill","position":"bottom-left"}} 
            elPos: {"x":150,"y":50,"w":100,"h":100}    
        -->
        <style>
            .shape6.icon {
                position: absolute;
                top: 225px;
                left: 225px;
                width: 50px;
                height: 50px;
                transform: rotate(0deg);
            }
            .shape6.icon i.bi {
                font-size: 50px;
                line-height: 50px;
                color: deeppink;                 
            }
        </style>
        <div id="icon7" class="shape6 icon">
            <i class="bi bi-1-circle-fill"></i>
        </div>


        <style>
        .shape6.helper {
            position: absolute;
            top: 150px;
            left: 250px;
            width: 100px;
            height: 100px;
            border: 1px solid red;
          }
         </style>
        <div id="helper-shape6" class="shape6 helper"></div>


        <!-- icon8
            rawShape: {"icon":{"id":"icon8","name":"1-circle-fill","position":"left"}} 
            elPos: {"x":150,"y":50,"w":100,"h":100}    
        -->
        <style>
            .shape7.icon {
                position: absolute;
                top: 175px;
                left: 225px;
                width: 50px;
                height: 50px;
                transform: rotate(0deg);
            }
            .shape7.icon i.bi {
                font-size: 50px;
                line-height: 50px;
                color: deeppink;                 
            }
        </style>
        <div id="icon8" class="shape7 icon">
            <i class="bi bi-1-circle-fill"></i>
        </div>


        <style>
        .shape7.helper {
            position: absolute;
            top: 150px;
            left: 250px;
            width: 100px;
            height: 100px;
            border: 1px solid red;
          }
         </style>
        <div id="helper-shape7" class="shape7 helper"></div>


        <!-- icon9
            rawShape: {"icon":{"id":"icon9","name":"1-circle-fill","position":"center"}} 
            elPos: {"x":150,"y":50,"w":100,"h":100}    
        -->
        <style>
            .shape8.icon {
                position: absolute;
                top: 175px;
                left: 275px;
                width: 50px;
                height: 50px;
                transform: rotate(0deg);
            }
            .shape8.icon i.bi {
                font-size: 50px;
                line-height: 50px;
                color: deeppink;                 
            }
        </style>
        <div id="icon9" class="shape8 icon">
            <i class="bi bi-1-circle-fill"></i>
        </div>


        <style>
        .shape8.helper {
            position: absolute;
            top: 150px;
            left: 250px;
            width: 100px;
            height: 100px;
            border: 1px solid red;
          }
         </style>
        <div id="helper-shape8" class="shape8 helper"></div>


        <style>
            .shape9.box {
                position: absolute;
                top: 348px;
                left: 118px;
                width: 104px;
                height: 104px;
                transform: rotate(0deg);
                
                border-width: 4px;
                border-style: solid;
                border-color: deeppink;
                border-radius: 4px;
            }
        </style>
        <div id="box1" class="shape9 box"></div>


        <style>
        .shape9.helper {
            position: absolute;
            top: 350px;
            left: 120px;
            width: 100px;
            height: 100px;
            border: 1px solid red;
          }
         </style>
        <div id="helper-shape9" class="shape9 helper"></div>


        <style>
            .shape10.box {
                position: absolute;
                top: 348px;
                left: 298px;
                width: 104px;
                height: 54px;
                transform: rotate(0deg);
                
                border-width: 4px;
                border-style: solid;
                border-color: deeppink;
                border-radius: 4px;
            }
        </style>
        <div id="box2" class="shape10 box"></div>


        <style>
        .shape10.helper {
            position: absolute;
            top: 350px;
            left: 300px;
            width: 100px;
            height: 50px;
            border: 1px solid red;
          }
         </style>
        <div id="helper-shape10" class="shape10 helper"></div>


        <style>
            .shape11.circle {
                position: absolute;
                
                top: 546px;
                left: 116px;
                width: 108px;
                height: 108px;
                transform: rotate(0deg);
                
                border-width: 4px;
                border-style: solid;
                border-color: deeppink;
                border-radius: 54px / 54px;
            }
        </style>
        <div id="circle1" class="shape11 circle"></div>


        <style>
        .shape11.helper {
            position: absolute;
            top: 550px;
            left: 120px;
            width: 100px;
            height: 100px;
            border: 1px solid red;
          }
         </style>
        <div id="helper-shape11" class="shape11 helper"></div>


        <style>
            .shape12.circle {
                position: absolute;
                
                top: 546px;
                left: 296px;
                width: 108px;
                height: 58px;
                transform: rotate(0deg);
                
                border-width: 4px;
                border-style: solid;
                border-color: deeppink;
                border-radius: 54px / 29px;
            }
        </style>
        <div id="circle2" class="shape12 circle"></div>


        <style>
        .shape12.helper {
            position: absolute;
            top: 550px;
            left: 300px;
            width: 100px;
            height: 50px;
            border: 1px solid red;
          }
         </style>
        <div id="helper-shape12" class="shape12 helper"></div>


        <style>
        .focus.helper {
            position: absolute;
            top: 100px;
            left: 100px;
            width: 400px;
            height: 1000px;
            border: 1px solid red;
          }
         </style>
        <div id="helper-focus" class="focus helper"></div>
      </body>
      </html>