
        <style>
            .shape0.circle {
                position: absolute;
                
                top: 98px;
                left: 97px;
                width: 48px;
                height: 58px;
                transform: rotate(0deg);
                
                border-width: 4px;
                border-style: solid;
                border-color: deeppink;
                border-radius: 24px / 29px;
            }
        </style>
        <div id="shape0" class="shape0 circle"></div>