/Users/paul/sm/shotbro/packages/shotbro-playwright/test-results/compare/circle/thickness-8-shape.html