
      <!DOCTYPE html>
      <html lang="en">
      <head>
        <title>Overlay</title>
        <link href="../../src/bundled/@fontsource/open-sans/500.css" rel="stylesheet"/>
        <link href="../../src/bundled/bootstrap/dist/css/bootstrap.css" rel="stylesheet"/>
        <link href="../../src/bundled/bootstrap-icons/font/bootstrap-icons.css" rel="stylesheet"/>
        <style>
          body {
            font-family: "Open Sans", sans-serif;
            background-image: url('some-shapes-main.png');
            background-repeat: no-repeat;
          }
        </style>
      </head>
      <body>
      
        <!-- shape0
            rawShape: {"at":"#firstName","icon":{}} 
            elPos: {"h":38,"w":296,"x":44,"y":332.66}    
        -->
        <style>
            .shape0.icon {
                position: absolute;
                top: 326.66px;
                left: 315px;
                width: 50px;
                height: 50px;
                /*text-shadow: 0 0 5px red;*/
            }
            .shape0.icon i.bi {
                font-size: 50px;
                line-height: 50px;
                color: deeppink;                 
            }
        </style>
        <div id="shape0" class="shape0 icon">
            <i class="bi bi-arrow-left-circle-fill"></i>
        </div>


        <style>
        .shape0.helper {
            position: absolute;
            top: 332.66px;
            left: 44px;
            width: 296px;
            height: 38px;
            border: 1px solid red;
          }
         </style>
        <div id="helper-shape0" class="shape0 helper"></div>


        <style>
        .focus.helper {
            position: absolute;
            top: 234.66px;
            left: 19px;
            width: 668.8px;
            height: 1184.87px;
            border: 1px solid red;
          }
         </style>
        <div id="helper-focus" class="focus helper"></div>
      </body>
      </html>