/Users/paul/sm/shotbro/packages/shotbro-playwright/test-results/compare/box/rotate-270-shape.html