/Users/paul/sm/shotbro/packages/shotbro-playwright/test-results/compare/box/rotate-5-shape.html