
        <style>
            .shape0.box {
                position: absolute;
                top: 100px;
                left: 99px;
                width: 44px;
                height: 54px;
                transform: rotate(0deg);
                
                border-width: 4px;
                border-style: solid;
                border-color: deeppink;
                border-radius: 4px;
            }
        </style>
        <div id="shape0" class="shape0 box"></div>