
      <!DOCTYPE html>
      <html lang="en">
      <head>
        <title>Overlay</title>
        <link href="../../../src/bundled/@fontsource/open-sans/500.css" rel="stylesheet"/>
        <link href="../../../src/bundled/bootstrap/dist/css/bootstrap.css" rel="stylesheet"/>
        <link href="../../../src/bundled/bootstrap-icons/font/bootstrap-icons.css" rel="stylesheet"/>
        <style>
          body {
            font-family: "Open Sans", sans-serif;
            background-color: transparent;
            background-image: url('thickness-8-shape-main.png');
            background-position: 100px 100px;
            background-repeat: no-repeat;
          }
        </style>
      </head>
      <body>
      
        <style>
            .shape0.box {
                position: absolute;
                top: 196px;
                left: 196px;
                width: 328px;
                height: 248px;
                transform: rotate(0deg);
                
                border-width: 8px;
                border-style: solid;
                border-color: deeppink;
                border-radius: 8px;
            }
        </style>
        <div id="shape0" class="shape0 box"></div>
      </body>
      </html>