/Users/paul/sm/shotbro/packages/shotbro-playwright/test-results/compare/box/thickness-1-shape.html